// Jest Snapshot v1, https://goo.gl/fbAQLP

exports[`Snapshot 1`] = `
<form
  disabled={true}
  id="formId"
  name="formId"
>
  <input
    type="text"
  />
</form>
`;
